[www.experiencecommerce.com/index.html]
[backblue.gif]
[fade.gif]
[index.html]
[www.experiencecommerce.com/themes/bootstrap/images/sharer.jpg]
[www.experiencecommerce.com/sites/default/files/2.jpg]
[www.experiencecommerce.com/core/modules/system/css/components/align.module1b9b.css]
[www.experiencecommerce.com/core/modules/system/css/components/fieldgroup.module1b9b.css]
[www.experiencecommerce.com/core/modules/system/css/components/container-inline.module1b9b.css]
[www.experiencecommerce.com/core/modules/system/css/components/clearfix.module1b9b.css]
[www.experiencecommerce.com/core/modules/system/css/components/details.module1b9b.css]
[www.experiencecommerce.com/core/modules/system/css/components/hidden.module1b9b.css]
[www.experiencecommerce.com/core/modules/system/css/components/item-list.module1b9b.css]
[www.experiencecommerce.com/core/modules/system/css/components/js.module1b9b.css]
[www.experiencecommerce.com/core/modules/system/css/components/nowrap.module1b9b.css]
[www.experiencecommerce.com/core/modules/system/css/components/position-container.module1b9b.css]
[www.experiencecommerce.com/core/modules/system/css/components/progress.module1b9b.css]
[www.experiencecommerce.com/core/modules/system/css/components/reset-appearance.module1b9b.css]
[www.experiencecommerce.com/core/modules/system/css/components/resize.module1b9b.css]
[www.experiencecommerce.com/core/modules/system/css/components/sticky-header.module1b9b.css]
[www.experiencecommerce.com/core/modules/system/css/components/system-status-counter1b9b.css]
[www.experiencecommerce.com/core/modules/system/css/components/system-status-report-counters1b9b.css]
[www.experiencecommerce.com/core/modules/system/css/components/system-status-report-general-info1b9b.css]
[www.experiencecommerce.com/core/modules/system/css/components/tablesort.module1b9b.css]
[www.experiencecommerce.com/core/modules/system/css/components/tree-child.module1b9b.css]
[www.experiencecommerce.com/themes/bootstrap/css/custom/layout1b9b.css]
[cdnjs.cloudflare.com/ajax/libs/jquery/2.2.0/jquery.min.js]
[www.experiencecommerce.com/themes/bootstrap/scripts/scrolloverflow.min.js]
[cdn.jsdelivr.net/npm/slick-carousel@1.8.1/slick/slick.min.js]
[www.experiencecommerce.com/themes/bootstrap/scripts/animation.js]
[www.experiencecommerce.com/themes/bootstrap/scripts/common.js]
[www.experiencecommerce.com/themes/bootstrap/scripts/jquery.fullpage.min.js]
[www.google-analytics.com/analytics.js]
[www.experiencecommerce.com/themes/bootstrap/images/cursor.png]
[www.experiencecommerce.com/themes/bootstrap/images/leftArrow.png]
[www.experiencecommerce.com/themes/bootstrap/images/rightArrow.png]
[www.experiencecommerce.com/themes/bootstrap/css/custom/style.css]
[www.experiencecommerce.com/themes/bootstrap/images/menu-white.png]
[www.experiencecommerce.com/themes/bootstrap/images/menu-black.png]
[www.experiencecommerce.com/themes/bootstrap/images/headerec.png]
[www.experiencecommerce.com/themes/bootstrap/images/faceBook.png]
[www.experiencecommerce.com/themes/bootstrap/images/twitter.png]
[www.experiencecommerce.com/themes/bootstrap/images/instagram.png]
[www.experiencecommerce.com/themes/bootstrap/images/linkendin.png]
[www.experiencecommerce.com/showcase.html]
[www.experiencecommerce.com/blogs.html]
[www.experiencecommerce.com/careers.html]
[www.experiencecommerce.com/contact-us.html]
[www.experiencecommerce.com/solutions/digital-business.html]
[www.experiencecommerce.com/solutions/brand-comms.html]
[www.experiencecommerce.com/solutions/media-marketing.html]
[www.experiencecommerce.com/themes/bootstrap/scripts/bodymovin.js]
[www.experiencecommerce.com/themes/bootstrap/scripts/bodymovin-json.js]
[www.experiencecommerce.com/themes/bootstrap/scripts/menu.js]
[www.experiencecommerce.com/themes/bootstrap/images/smallec.png]
[www.experiencecommerce.com/sites/default/files/2018-11/ambujaBg (2).png]
[www.experiencecommerce.com/sites/default/files/2018-11/ambuja (2).png]
[www.experiencecommerce.com/sites/default/files/2018-11/Client_ambuja_logo.png]
[www.experiencecommerce.com/themes/bootstrap/images/showcase/brand2.png]
[www.experiencecommerce.com/showcase/ambuja-brahmaand.html]
[www.experiencecommerce.com/themes/bootstrap/images/circleArrow.png]
[www.experiencecommerce.com/themes/bootstrap/images/lenovo-creative.png]
[www.experiencecommerce.com/sites/default/files/2018-11/castrolBg.png]
[www.experiencecommerce.com/sites/default/files/2018-11/castrol.png]
[www.experiencecommerce.com/sites/default/files/2018-11/Client_castrol_logo.png]
[www.experiencecommerce.com/showcase/castrol.html]
[www.experiencecommerce.com/sites/default/files/2018-10/lenovoBg.jpg]
[www.experiencecommerce.com/sites/default/files/2018-10/Lenovo.png]
[www.experiencecommerce.com/sites/default/files/2018-09/Client_lenovo_logo.png]
[www.experiencecommerce.com/themes/bootstrap/images/showcase/brand1.png]
[www.experiencecommerce.com/showcase/a6000.html]
[www.experiencecommerce.com/sites/default/files/2018-10/mrfBg_0.jpg]
[www.experiencecommerce.com/sites/default/files/2018-10/MRF.png]
[www.experiencecommerce.com/sites/default/files/2018-09/Client_mrf_logo.png]
[www.experiencecommerce.com/sites/default/files/2018-09/antiquityBg_0.jpg]
[www.experiencecommerce.com/sites/default/files/2018-10/Diagio.png]
[www.experiencecommerce.com/sites/default/files/2018-09/Client_Diageo_logo.png]
[www.experiencecommerce.com/sites/default/files/2018-10/fortuneBg.jpg]
[www.experiencecommerce.com/sites/default/files/2018-10/Adani-Wilmer.png]
[www.experiencecommerce.com/sites/default/files/2018-09/Client_Adani_logo.png]
[www.experiencecommerce.com/showcase/pet-pujo.html]
[www.experiencecommerce.com/sites/default/files/2018-11/LHBg (3).png]
[www.experiencecommerce.com/sites/default/files/2018-11/LH (3).png]
[www.experiencecommerce.com/sites/default/files/2018-11/Client_llh_logo.png]
[www.experiencecommerce.com/showcase/lafarge-holcim.html]
[www.experiencecommerce.com/sites/default/files/2018-11/Kyoorius.png]
[www.experiencecommerce.com/sites/default/files/2018-11/golaward-desktop (1).png]
[www.experiencecommerce.com/sites/default/files/2018-11/silveraward-desktop_0.png]
[www.experiencecommerce.com/sites/default/files/2018-11/MRF_Award_Desk (1).jpg]
[www.experiencecommerce.com/themes/bootstrap/images/circleArrow1.png]
[www.experiencecommerce.com/sites/default/files/2018-11/Pitch-to-her (2) (1).png]
[www.experiencecommerce.com/showcase/pitch-her.html]
[www.experiencecommerce.com/sites/default/files/2018-11/Lenovo (1).png]
[www.experiencecommerce.com/showcase/lenovo-service-live.html]
[www.experiencecommerce.com/themes/bootstrap/images/footer-logo.png]
[www.experiencecommerce.com/themes/bootstrap/scripts/dash.all.js]
[www.experiencecommerce.com/themes/bootstrap/scripts/slick.min.js]
[www.experiencecommerce.com/themes/bootstrap/scripts/TweenMax.min.js]
[www.experiencecommerce.com/themes/bootstrap/scripts/jquery.easing.1.3.js]
[www.experiencecommerce.com/themes/bootstrap/scripts/jquery.mousewheel.js]
[www.experiencecommerce.com/themes/bootstrap/scripts/rlaccordion.min.js]
[www.experiencecommerce.com/themes/bootstrap/scripts/jquery.touchSwipe.js]
[www.experiencecommerce.com/themes/bootstrap/scripts/jquery.vaccordion.js]
[www.experiencecommerce.com/themes/bootstrap/scripts/jquery.mCustomScrollbar.concat.min.js]
[www.experiencecommerce.com/themes/bootstrap/scripts/hp-logo.js]
[www.experiencecommerce.com/core/assets/vendor/domready/ready.min7016.js]
[www.experiencecommerce.com/core/assets/vendor/jquery/jquery.minf77b.js]
[www.experiencecommerce.com/core/assets/vendor/underscore/underscore-mina532.js]
[www.experiencecommerce.com/core/misc/drupalSettingsLoaderd08e.js]
[www.experiencecommerce.com/core/misc/drupald08e.js]
[www.experiencecommerce.com/core/misc/drupal.initd08e.js]
[www.experiencecommerce.com/themes/bootstrap/js/drupal.bootstrap1b9b.js]
[www.experiencecommerce.com/themes/bootstrap/js/attributes1b9b.js]
[www.experiencecommerce.com/themes/bootstrap/js/theme1b9b.js]
[www.experiencecommerce.com/themes/bootstrap/js/popover1b9b.js]
[www.experiencecommerce.com/themes/bootstrap/js/tooltip1b9b.js]
[connect.facebook.net/en_US/sdk.js]
[www.experiencecommerce.com/index.html]
[www.experiencecommerce.com/core/modules/system/css/components/align.module1b9b.css]
[www.experiencecommerce.com/core/modules/system/css/components/fieldgroup.module1b9b.css]
[www.experiencecommerce.com/core/modules/system/css/components/container-inline.module1b9b.css]
[www.experiencecommerce.com/core/modules/system/css/components/clearfix.module1b9b.css]
[www.experiencecommerce.com/core/modules/system/css/components/details.module1b9b.css]
[www.experiencecommerce.com/core/modules/system/css/components/hidden.module1b9b.css]
[www.experiencecommerce.com/core/modules/system/css/components/item-list.module1b9b.css]
[www.experiencecommerce.com/core/modules/system/css/components/js.module1b9b.css]
[www.experiencecommerce.com/core/modules/system/css/components/nowrap.module1b9b.css]
[www.experiencecommerce.com/core/modules/system/css/components/position-container.module1b9b.css]
[www.experiencecommerce.com/core/modules/system/css/components/progress.module1b9b.css]
[www.experiencecommerce.com/core/modules/system/css/components/reset-appearance.module1b9b.css]
[www.experiencecommerce.com/core/modules/system/css/components/resize.module1b9b.css]
[www.experiencecommerce.com/core/modules/system/css/components/sticky-header.module1b9b.css]
[www.experiencecommerce.com/core/modules/system/css/components/system-status-counter1b9b.css]
[www.experiencecommerce.com/core/modules/system/css/components/system-status-report-counters1b9b.css]
[www.experiencecommerce.com/core/modules/system/css/components/system-status-report-general-info1b9b.css]
[www.experiencecommerce.com/core/modules/system/css/components/tablesort.module1b9b.css]
[www.experiencecommerce.com/core/misc/tree.png]
[www.experiencecommerce.com/core/modules/system/css/components/tree-child.module1b9b.css]
[www.experiencecommerce.com/core/misc/tree-bottom.png]
[www.experiencecommerce.com/themes/bootstrap/css/custom/jquery.fullpage.css]
[www.experiencecommerce.com/themes/bootstrap/css/custom/reset.css]
[www.experiencecommerce.com/themes/bootstrap/css/custom/swiper.min.css]
[www.experiencecommerce.com/themes/bootstrap/css/custom/menu.css]
[www.experiencecommerce.com/themes/bootstrap/css/custom/footer.css]
[www.experiencecommerce.com/themes/bootstrap/css/custom/fontawesome.css]
[www.experiencecommerce.com/themes/bootstrap/css/custom/showcase.css]
[www.experiencecommerce.com/themes/bootstrap/css/custom/business.css]
[www.experiencecommerce.com/themes/bootstrap/css/custom/ec-animation.css]
[www.experiencecommerce.com/themes/bootstrap/css/custom/projects.css]
[www.experiencecommerce.com/themes/bootstrap/css/custom/digital.css]
[www.experiencecommerce.com/themes/bootstrap/css/custom/home.css]
[www.experiencecommerce.com/themes/bootstrap/css/custom/slick.css]
[www.experiencecommerce.com/themes/bootstrap/css/custom/showcase-new.css]
[www.experiencecommerce.com/themes/bootstrap/css/custom/career.css]
[www.experiencecommerce.com/themes/bootstrap/css/custom/contactus.css]
[www.experiencecommerce.com/themes/bootstrap/css/custom/blogs.css]
[www.experiencecommerce.com/themes/bootstrap/css/custom/error.css]
[www.experiencecommerce.com/themes/bootstrap/css/custom/layout1b9b.css]
[www.experiencecommerce.com/themes/bootstrap/css/custom/aboutUs.css]
[www.experiencecommerce.com/themes/bootstrap/images/topprev.png]
[www.experiencecommerce.com/themes/bootstrap/images/topnext.png]
[www.experiencecommerce.com/themes/bootstrap/css/custom/style.css]
[www.experiencecommerce.com/showcase/abar-pet-pujo.html]
[www.experiencecommerce.com/sites/default/files/2019-03/pet-pujo_mobile-size (2).jpg]
[www.experiencecommerce.com/showcase/no1-yaari-patrol.html]
[www.experiencecommerce.com/sites/default/files/2019-03/Yaari-patrol_mobile-size (1).jpg]
[www.experiencecommerce.com/showcase/readyfordual.html]
[www.experiencecommerce.com/sites/default/files/2019-03/ready for dual mobile image.png]
[www.experiencecommerce.com/sites/default/files/2018-11/LH-Thumbnail_640x200.jpg]
[www.experiencecommerce.com/showcase/mrf.html]
[www.experiencecommerce.com/sites/default/files/2018-11/MRF-Banner_640x200_0.jpg]
[www.experiencecommerce.com/sites/default/files/2018-11/Lsl_mob.png]
[www.experiencecommerce.com/showcase/cult-phab.html]
[www.experiencecommerce.com/sites/default/files/2018-11/phab_mob_0.png]
[www.experiencecommerce.com/sites/default/files/2018-11/Castrol_640x200.jpg]
[www.experiencecommerce.com/showcase/dishcovery.html]
[www.experiencecommerce.com/sites/default/files/2018-11/Dishcovery_mob_0.png]
[www.experiencecommerce.com/showcase/soulfull.html]
[www.experiencecommerce.com/sites/default/files/2018-11/soulfull_mob.png]
[www.experiencecommerce.com/sites/default/files/2018-11/durgaPujo_mob.png]
[www.experiencecommerce.com/sites/default/files/2018-11/Lafarge_mob.png]
[www.experiencecommerce.com/sites/default/files/2018-11/PitchToHer_mob.png]
[www.experiencecommerce.com/sites/default/files/2018-11/A6000_mob_0.png]
[www.experiencecommerce.com/sites/default/files/2019-03/Aber-pet-pujo-landing-page-creative.jpg]
[www.experiencecommerce.com/sites/default/files/2019-03/landing page (1) (1).jpg]
[www.experiencecommerce.com/sites/default/files/2019-03/List image.jpg]
[www.experiencecommerce.com/sites/default/files/2018-11/LH-Thumbnail.jpg]
[www.experiencecommerce.com/sites/default/files/2018-11/MRF-Thumbnail (1)_0.jpg]
[www.experiencecommerce.com/sites/default/files/2018-11/lsl_master.jpg]
[www.experiencecommerce.com/sites/default/files/2018-10/phabBg (1).jpg]
[www.experiencecommerce.com/sites/default/files/2018-10/Castrol-Thumbnail_updated_v3.jpg]
[www.experiencecommerce.com/sites/default/files/2018-10/Dishcovery.jpg]
[www.experiencecommerce.com/sites/default/files/2018-11/soulfull-showcase-page (1).png]
[www.experiencecommerce.com/sites/default/files/2018-10/petpujo.jpg]
[www.experiencecommerce.com/sites/default/files/2018-10/Ambuja-Thumbnail.jpg]
[www.experiencecommerce.com/sites/default/files/2018-10/pitchToHer.jpg]
[www.experiencecommerce.com/sites/default/files/2018-11/showcase image_web_0.png]
[www.experiencecommerce.com/themes/bootstrap/scripts/scroll/swiper.min.js]
[www.experiencecommerce.com/themes/bootstrap/scripts/scroll/driver.js]
[www.experiencecommerce.com/showcase.html]
[www.experiencecommerce.com/themes/bootstrap/scripts/lottie.js]
[www.experiencecommerce.com/core/modules/views/css/views.module1b9b.css]
[www.experiencecommerce.com/blogs/why-brands-must-redesign-their-digital-marketing-programmes-harness-power-data.html]
[www.experiencecommerce.com/sites/default/files/2018-09/4th-image-1917-x420.jpg]
[www.experiencecommerce.com/blogs/digital-advertising-2017-elephant-room.html]
[www.experiencecommerce.com/sites/default/files/2018-09/1st-image-1917-x420.jpg]
[www.experiencecommerce.com/blogs/digital-business-ready-twenties.html]
[www.experiencecommerce.com/sites/default/files/2018-09/2nd-image-1917-x420.png]
[www.experiencecommerce.com/blogs.html]
[www.experiencecommerce.com/themes/bootstrap/images/contact-banner.png]
[www.experiencecommerce.com/careers.html]
[www.experiencecommerce.com/themes/bootstrap/scripts/jquery.slimscroll.js]
[www.experiencecommerce.com/themes/bootstrap/images/contact2.jpg]
[www.experiencecommerce.com/contact-us.html]
[www.experiencecommerce.com/taxonomy/term/4/feed]
[www.experiencecommerce.com/themes/bootstrap/images/mail-icon.png]
[www.experiencecommerce.com/sites/default/files/2018-09/UX-Consulting.png]
[www.experiencecommerce.com/sites/default/files/2018-09/Omnichannel-02.png]
[www.experiencecommerce.com/sites/default/files/2018-09/Customer-Experience-Design.png]
[www.experiencecommerce.com/sites/default/files/2018-09/VR.png]
[www.experiencecommerce.com/sites/default/files/2018-09/Enterprise-Mobility-Software.png]
[www.experiencecommerce.com/sites/default/files/2018-09/Analytics-and-Business-Intelligence.png]
[www.experiencecommerce.com/sites/default/files/2018-09/Internet-of-things.png]
[www.experiencecommerce.com/sites/default/files/2018-09/Artificial-Intelligence.png]
[www.experiencecommerce.com/sites/default/files/2018-09/Digital-Asset-Maintenence.png]
[www.experiencecommerce.com/sites/default/files/2018-09/Channel-Management.png]
[www.experiencecommerce.com/sites/default/files/2018-09/Trade-Marketing.png]
[www.experiencecommerce.com/sites/default/files/2018-09/O2O-Strategy.png]
[www.experiencecommerce.com/sites/default/files/2018-09/E-Commerce.png]
[www.experiencecommerce.com/sites/default/files/2018-09/Influencer-Management.png]
[www.experiencecommerce.com/sites/default/files/2018-09/CRM-and-loyalty-solutions.png]
[www.experiencecommerce.com/sites/default/files/2018-09/Program-Adoption.png]
[www.experiencecommerce.com/sites/default/files/2018-09/Business-Program-Analysis.png]
[www.experiencecommerce.com/sites/default/files/2018-09/Market-Research-and-Consulting.png]
[www.experiencecommerce.com/sites/default/files/2018-09/Campaign-Management.png]
[www.experiencecommerce.com/sites/default/files/2018-09/Digital-Training-Workshop.png]
[www.experiencecommerce.com/themes/bootstrap/images/showcase/lafarge-banner.jpg]
[www.experiencecommerce.com/themes/bootstrap/images/showcase/mrf-masthead.jpg]
[www.experiencecommerce.com/themes/bootstrap/images/showcase/castrol_master.jpg]
[www.experiencecommerce.com/themes/bootstrap/images/showcase/ambuja_master.jpg]
[www.experiencecommerce.com/solutions/digital-business.html]
[www.experiencecommerce.com/taxonomy/term/2/feed]
[www.experiencecommerce.com/sites/default/files/2018-11/Social Content.png]
[www.experiencecommerce.com/sites/default/files/2018-11/Digital-Film.png]
[www.experiencecommerce.com/sites/default/files/2018-11/E-tail content.png]
[www.experiencecommerce.com/sites/default/files/2018-11/Influencer-Content_0.png]
[www.experiencecommerce.com/sites/default/files/2018-09/Storefront-Experiences.png]
[www.experiencecommerce.com/sites/default/files/2018-11/Web+Mobile-Design.png]
[www.experiencecommerce.com/sites/default/files/2018-11/Go-To-Market.png]
[www.experiencecommerce.com/sites/default/files/2018-11/Customer-Experience-Solutions.png]
[www.experiencecommerce.com/sites/default/files/2018-11/Strategy-Consulting.png]
[www.experiencecommerce.com/sites/default/files/2018-11/Community.png]
[www.experiencecommerce.com/sites/default/files/2018-11/Advocacy.png]
[www.experiencecommerce.com/themes/bootstrap/images/showcase/pp-bg.jpg]
[www.experiencecommerce.com/themes/bootstrap/images/showcase/y-p-bg.jpg]
[www.experiencecommerce.com/themes/bootstrap/images/showcase/l-banner-bg.jpg]
[www.experiencecommerce.com/themes/bootstrap/images/showcase/lsl-master.jpg]
[www.experiencecommerce.com/themes/bootstrap/images/showcase/PHAB-Master.jpg]
[www.experiencecommerce.com/themes/bootstrap/images/showcase/dishcovery_master.jpg]
[www.experiencecommerce.com/themes/bootstrap/images/showcase/soulfull-master.jpg]
[www.experiencecommerce.com/themes/bootstrap/images/showcase/petpujo-master.jpg]
[www.experiencecommerce.com/themes/bootstrap/images/showcase/yuwa-master.jpg]
[www.experiencecommerce.com/themes/bootstrap/images/showcase/a6000-master.png]
[www.experiencecommerce.com/solutions/brand-comms.html]
[www.experiencecommerce.com/solutions/brand-comms2679.html]
[www.experiencecommerce.com/taxonomy/term/5/feed]
[www.experiencecommerce.com/sites/default/files/2018-11/Programmatic-Buying.png]
[www.experiencecommerce.com/sites/default/files/2018-11/E-com.png]
[www.experiencecommerce.com/sites/default/files/2018-11/Media-Planning.png]
[www.experiencecommerce.com/sites/default/files/2018-11/Creative-Campaign.png]
[www.experiencecommerce.com/sites/default/files/2018-11/CX-Design_0.png]
[www.experiencecommerce.com/sites/default/files/2018-11/Go-To-Market-Strategy_0.png]
[www.experiencecommerce.com/solutions/media-marketing.html]
[www.experiencecommerce.com/themes/bootstrap/images/showcase/business1.png]
[www.experiencecommerce.com/themes/bootstrap/images/showcase/business2.png]
[www.experiencecommerce.com/themes/bootstrap/images/showcase/business3.png]
[www.experiencecommerce.com/themes/bootstrap/images/showcase/business4.png]
[www.experiencecommerce.com/themes/bootstrap/images/showcase/business5.png]
[www.experiencecommerce.com/themes/bootstrap/images/showcase/business6.png]
[www.experiencecommerce.com/themes/bootstrap/images/showcase/ambujalogo.png]
[www.experiencecommerce.com/themes/bootstrap/images/showcase/ambuja-small.jpg]
[www.experiencecommerce.com/themes/bootstrap/images/showcase/ambuja.gif]
[www.experiencecommerce.com/themes/bootstrap/images/showcase/ambuja-tab.gif]
[www.experiencecommerce.com/themes/bootstrap/images/showcase/ambuja1.png]
[www.experiencecommerce.com/themes/bootstrap/images/showcase/ambuja2.png]
[www.experiencecommerce.com/themes/bootstrap/images/showcase/ambuja3.png]
[www.experiencecommerce.com/themes/bootstrap/images/showcase/ambuja4.png]
[www.experiencecommerce.com/showcase/ambuja-brahmaand.html]
[www.experiencecommerce.com/themes/bootstrap/scripts/parallax.min.js]
[www.experiencecommerce.com/themes/bootstrap/images/showcase/castrol-logo.png]
[www.experiencecommerce.com/themes/bootstrap/images/showcase/castrol-challenges.jpg]
[www.experiencecommerce.com/themes/bootstrap/images/showcase/castrol-insight.jpg]
[www.experiencecommerce.com/themes/bootstrap/images/showcase/castrol-vid-banner.png]
[www.experiencecommerce.com/themes/bootstrap/images/showcase/castrol-phone.png]
[www.experiencecommerce.com/showcase/castrol.html]
[www.experiencecommerce.com/themes/bootstrap/images/showcase/soul-business.png]
[www.experiencecommerce.com/themes/bootstrap/images/showcase/influencer_icon.png]
[www.experiencecommerce.com/themes/bootstrap/images/showcase/digital_icon.png]
[www.experiencecommerce.com/themes/bootstrap/images/showcase/lenevo.png]
[www.experiencecommerce.com/themes/bootstrap/images/showcase/small-lenovo.jpg]
[www.experiencecommerce.com/themes/bootstrap/images/showcase/lenovoTvc.jpg]
[www.experiencecommerce.com/themes/bootstrap/images/showcase/lenovoa6000smartphone.jpg]
[www.experiencecommerce.com/themes/bootstrap/images/showcase/ranbeer.jpg]
[www.experiencecommerce.com/showcase/a6000.html]
[www.experiencecommerce.com/themes/bootstrap/images/showcase/lenovoA6000-result.jpg]
[www.experiencecommerce.com/themes/bootstrap/images/showcase/media_icon.png]
[www.experiencecommerce.com/themes/bootstrap/images/showcase/fortune-logo.png]
[www.experiencecommerce.com/showcase/pet-pujo.html]
[www.experiencecommerce.com/themes/bootstrap/images/showcase/showcase-image.jpg]
[www.experiencecommerce.com/themes/bootstrap/images/showcase/lafargeLogo.png]
[www.experiencecommerce.com/themes/bootstrap/images/showcase/lafarge-mobile.png]
[www.experiencecommerce.com/themes/bootstrap/images/showcase/lafarge-ambuja.png]
[www.experiencecommerce.com/showcase/lafarge-holcim.html]
[www.experiencecommerce.com/themes/bootstrap/images/showcase/lafarge-outcome.jpg]
[www.experiencecommerce.com/themes/bootstrap/images/showcase/pitch-to-her-smallbg.jpg]
[www.experiencecommerce.com/themes/bootstrap/images/showcase/pitch1.jpg]
[www.experiencecommerce.com/themes/bootstrap/images/showcase/pitchtoher-banner2.jpg]
[www.experiencecommerce.com/themes/bootstrap/images/showcase/pitch-girlsimage.jpg]
[www.experiencecommerce.com/themes/bootstrap/scripts/jquery.min.js]
[www.experiencecommerce.com/themes/bootstrap/scripts/masonry.pkgd.min.js]
[www.experiencecommerce.com/showcase/pitch-her.html]
[www.experiencecommerce.com/themes/bootstrap/images/showcase/lsl-small.jpg]
[www.experiencecommerce.com/showcase/lenovo-service-live.html]
[www.experiencecommerce.com/themes/bootstrap/video/ec2018_mobile/stream.html]
[www.experiencecommerce.com/themes/bootstrap/video/ec2018_desk/stream.html]
[connect.facebook.net/en_US/sdk.js]
[www.experiencecommerce.com/core/misc/icons/e32700/error.svg]
[www.experiencecommerce.com/core/misc/icons/e29700/warning.svg]
[www.experiencecommerce.com/core/misc/icons/73b355/check.svg]
[www.experiencecommerce.com/core/misc/icons/787878/twistie-down.svg]
[www.experiencecommerce.com/core/misc/icons/787878/twistie-up.svg]
[www.experiencecommerce.com/themes/bootstrap/css/custom/jquery.fullpage.css]
[www.experiencecommerce.com/themes/bootstrap/fonts/OpenSans-Regular/OpenSans-Regular-webfont.eot]
[www.experiencecommerce.com/themes/bootstrap/fonts/OpenSans-Regular/OpenSans-Regular-webfontd41d.eot]
[www.experiencecommerce.com/themes/bootstrap/fonts/OpenSans-Regular/OpenSans-Regular-webfont.woff]
[www.experiencecommerce.com/themes/bootstrap/fonts/OpenSans-Regular/OpenSans-Regular-webfont.ttf]
[www.experiencecommerce.com/themes/bootstrap/fonts/OpenSans-Bold/OpenSans-Bold-webfont.eot]
[www.experiencecommerce.com/themes/bootstrap/fonts/OpenSans-Bold/OpenSans-Bold-webfontd41d.eot]
[www.experiencecommerce.com/themes/bootstrap/fonts/OpenSans-Bold/OpenSans-Bold-webfont.woff]
[www.experiencecommerce.com/themes/bootstrap/fonts/OpenSans-Bold/OpenSans-Bold-webfont.ttf]
[www.experiencecommerce.com/themes/bootstrap/fonts/avenir-black/avenir_95_black-webfont.woff]
[www.experiencecommerce.com/themes/bootstrap/fonts/avenir-medium/AvenirLTStd-Mediumd41d.eot]
[www.experiencecommerce.com/themes/bootstrap/fonts/avenir-medium/AvenirLTStd-Medium.otf]
[www.experiencecommerce.com/themes/bootstrap/fonts/avenir-medium/AvenirLTStd-Medium.woff]
[www.experiencecommerce.com/themes/bootstrap/fonts/avenir-medium/AvenirLTStd-Medium.ttf]
[www.experiencecommerce.com/themes/bootstrap/css/custom/reset.css]
[www.experiencecommerce.com/themes/bootstrap/css/custom/swiper.min.css]
[www.experiencecommerce.com/themes/bootstrap/images/menuBg.png]
[www.experiencecommerce.com/themes/bootstrap/images/menu.png]
[www.experiencecommerce.com/themes/bootstrap/images/menu-part-1.gif]
[www.experiencecommerce.com/themes/bootstrap/images/menu-part-2.gif]
[www.experiencecommerce.com/themes/bootstrap/images/close.png]
[www.experiencecommerce.com/themes/bootstrap/images/mobile-menu.jpg]
[www.experiencecommerce.com/themes/bootstrap/css/custom/menu.css]
[www.experiencecommerce.com/themes/bootstrap/images/fb-icon.png]
[www.experiencecommerce.com/themes/bootstrap/images/youtube-icon.png]
[www.experiencecommerce.com/themes/bootstrap/images/instagram-icon.png]
[www.experiencecommerce.com/themes/bootstrap/images/linkedin-icon.png]
[www.experiencecommerce.com/themes/bootstrap/css/custom/footer.css]
[www.experiencecommerce.com/themes/bootstrap/css/custom/fontawesome.css]
[www.experiencecommerce.com/themes/bootstrap/css/custom/showcase.css]
[www.experiencecommerce.com/themes/bootstrap/css/custom/business.css]
[www.experiencecommerce.com/themes/bootstrap/css/custom/ec-animation.css]
[www.experiencecommerce.com/themes/bootstrap/images/explorearrow.png]
[www.experiencecommerce.com/themes/bootstrap/css/custom/projects.css]
[www.experiencecommerce.com/themes/bootstrap/images/digital.png]
[www.experiencecommerce.com/themes/bootstrap/images/socialbg.png]
[www.experiencecommerce.com/themes/bootstrap/images/brand-comm.png]
[www.experiencecommerce.com/themes/bootstrap/images/opdigital.png]
[www.experiencecommerce.com/themes/bootstrap/images/opmarketing.png]
[www.experiencecommerce.com/themes/bootstrap/images/mediabg.png]
[www.experiencecommerce.com/themes/bootstrap/css/custom/digital.css]
[www.experiencecommerce.com/themes/bootstrap/images/ec-logo.png]
[www.experiencecommerce.com/themes/bootstrap/images/blue-panel-bg.jpg]
[www.experiencecommerce.com/themes/bootstrap/images/next.png]
[www.experiencecommerce.com/themes/bootstrap/images/prev.png]
[www.experiencecommerce.com/themes/bootstrap/images/arrow.png]
[www.experiencecommerce.com/themes/bootstrap/images/communicationbg.png]
[www.experiencecommerce.com/themes/bootstrap/images/brandbg.png]
[www.experiencecommerce.com/themes/bootstrap/images/header-logo-mobile.png]
[www.experiencecommerce.com/themes/bootstrap/images/thinking-man.jpg]
[www.experiencecommerce.com/themes/bootstrap/css/custom/home.css]
[www.experiencecommerce.com/themes/bootstrap/css/custom/slick.css]
[www.experiencecommerce.com/themes/bootstrap/css/custom/showcase-new.css]
[www.experiencecommerce.com/themes/bootstrap/images/accordionDrop.png]
[www.experiencecommerce.com/themes/bootstrap/images/drop.png]
[www.experiencecommerce.com/themes/bootstrap/images/accorup.png]
[www.experiencecommerce.com/themes/bootstrap/css/custom/career.css]
[www.experiencecommerce.com/themes/bootstrap/css/custom/contactus.css]
[www.experiencecommerce.com/themes/bootstrap/images/arR.png]
[www.experiencecommerce.com/themes/bootstrap/css/custom/blogs.css]
[www.experiencecommerce.com/themes/bootstrap/css/custom/error.css]
[www.experiencecommerce.com/themes/bootstrap/css/custom/aboutUs.css]
[www.experiencecommerce.com/themes/bootstrap/images/showcase/pp-post-center.jpg]
[www.experiencecommerce.com/themes/bootstrap/images/showcase/pp-center-post-2.jpg]
[www.experiencecommerce.com/themes/bootstrap/images/showcase/pp-center-post-3.jpg]
[www.experiencecommerce.com/showcase/abar-pet-pujo.html]
[www.experiencecommerce.com/themes/bootstrap/images/showcase/yp-client.png]
[www.experiencecommerce.com/themes/bootstrap/images/showcase/yp-car.jpg]
[www.experiencecommerce.com/themes/bootstrap/images/showcase/yp-please.jpg]
[www.experiencecommerce.com/themes/bootstrap/images/showcase/yp-please2.jpg]
[www.experiencecommerce.com/themes/bootstrap/images/showcase/yp-post2.png]
[www.experiencecommerce.com/themes/bootstrap/images/showcase/yp-post.png]
[www.experiencecommerce.com/themes/bootstrap/images/showcase/yp-counter.png]
[www.experiencecommerce.com/showcase/no1-yaari-patrol.html]
[www.experiencecommerce.com/themes/bootstrap/images/showcase/l-bg.jpg]
[www.experiencecommerce.com/themes/bootstrap/images/showcase/l-idea image.jpg]
[www.experiencecommerce.com/themes/bootstrap/images/showcase/l-insta-post 3.png]
[www.experiencecommerce.com/themes/bootstrap/images/showcase/l-comments-3.jpg]
[www.experiencecommerce.com/themes/bootstrap/images/showcase/l-comments-2.jpg]
[www.experiencecommerce.com/themes/bootstrap/images/showcase/l-comments-4.jpg]
[www.experiencecommerce.com/themes/bootstrap/images/showcase/l-comments-1.jpg]
[www.experiencecommerce.com/showcase/readyfordual.html]
[www.experiencecommerce.com/themes/bootstrap/images/showcase/mrflogo.png]
[www.experiencecommerce.com/themes/bootstrap/images/showcase/mrftyres.jpg]
[www.experiencecommerce.com/themes/bootstrap/images/showcase/mrf-small.jpg]
[www.experiencecommerce.com/themes/bootstrap/images/showcase/mrf-banner.jpg]
[www.experiencecommerce.com/showcase/mrf.html]
[www.experiencecommerce.com/themes/bootstrap/images/showcase/soul-business2.png]
[www.experiencecommerce.com/themes/bootstrap/images/showcase/cult-mid-banner.jpg]
[www.experiencecommerce.com/themes/bootstrap/images/showcase/cult-of-phab-image-3.png]
[www.experiencecommerce.com/themes/bootstrap/images/showcase/lenovo1.jpg]
[www.experiencecommerce.com/themes/bootstrap/images/showcase/cult-of-phab-image-2.png]
[www.experiencecommerce.com/showcase/cult-phab.html]
[www.experiencecommerce.com/themes/bootstrap/images/showcase/community_icon.png]
[www.experiencecommerce.com/themes/bootstrap/images/showcase/advocacy_icon.png]
[www.experiencecommerce.com/themes/bootstrap/images/showcase/mtr-logo.png]
[www.experiencecommerce.com/themes/bootstrap/images/showcase/mtr-full-banner.jpg]
[www.experiencecommerce.com/themes/bootstrap/images/showcase/mtr-authentic.jpg]
[www.experiencecommerce.com/themes/bootstrap/images/showcase/mtr-coconut.jpg]
[www.experiencecommerce.com/themes/bootstrap/images/showcase/mtr1.jpg]
[www.experiencecommerce.com/themes/bootstrap/images/showcase/mtr2.jpg]
[www.experiencecommerce.com/showcase/dishcovery.html]
[www.experiencecommerce.com/themes/bootstrap/images/showcase/soullfull-logo.png]
[www.experiencecommerce.com/themes/bootstrap/images/showcase/hero-soulfull.png]
[www.experiencecommerce.com/themes/bootstrap/images/showcase/soulfull1.png]
[www.experiencecommerce.com/themes/bootstrap/images/showcase/soulfull-goodness.jpg]
[www.experiencecommerce.com/themes/bootstrap/images/showcase/soulfull-nature.jpg]
[www.experiencecommerce.com/showcase/soulfull.html]
[www.experiencecommerce.com/core/modules/views/css/views.module1b9b.css]
[www.experiencecommerce.com/blogs/why-brands-must-redesign-their-digital-marketing-programmes-harness-power-data.html]
[www.experiencecommerce.com/blogs/digital-advertising-2017-elephant-room.html]
[www.experiencecommerce.com/blogs/digital-business-ready-twenties.html]
[www.experiencecommerce.com/about.html]
[www.experiencecommerce.com/taxonomy/term/4/delete.html]
[www.experiencecommerce.com/taxonomy/term/4/edit.html]
[www.experiencecommerce.com/taxonomy/term/2/delete.html]
[www.experiencecommerce.com/taxonomy/term/2/edit.html]
[images.financialexpress.com/2017/04/BW6.jpg]
[www.experiencecommerce.com/solutions/brand-comms2679.html]
[www.experiencecommerce.com/taxonomy/term/5/delete.html]
[www.experiencecommerce.com/taxonomy/term/5/edit.html]
[www.experiencecommerce.com/themes/bootstrap/fonts/OpenSans-Regular/OpenSans-Regular-webfont.svg]
[www.experiencecommerce.com/themes/bootstrap/fonts/OpenSans-Bold/OpenSans-Bold-webfont.svg]
[www.experiencecommerce.com/themes/bootstrap/fonts/avenir-black/avenir_95_black-webfont.html]
[www.experiencecommerce.com/themes/bootstrap/fonts/avenir-medium/AvenirLTStd-Medium.svg]
[www.experiencecommerce.com/themes/bootstrap/images/footer-logo-mobile.html]
[www.experiencecommerce.com/themes/bootstrap/css/images/business-bg.html]
[www.experiencecommerce.com/themes/bootstrap/css/images/mob-business-bg.html]
[www.experiencecommerce.com/themes/bootstrap/images/arrow-down-white.svg]
[www.experiencecommerce.com/themes/bootstrap/images/arrow-up-white.svg]
[www.experiencecommerce.com/themes/bootstrap/css/images/fortuneshow-bg.html]
[www.experiencecommerce.com/themes/bootstrap/images/add.svg]
[www.experiencecommerce.com/themes/bootstrap/images/subtract.svg]
[www.experiencecommerce.com/user/19.html]
[www.experiencecommerce.com/solutions/brand-comms02e4.html]
[www.experiencecommerce.com/solutions/brand-comms02e4.html]
